Archive member included because of file (symbol)

c:/freescale/kds_3.0.0/toolchain/bin/../lib/gcc/arm-none-eabi/4.8.4/armv7e-m/fpu\libgcc.a(_arm_addsubdf3.o)
                              ./Sources/PIT.o (__aeabi_dsub)
c:/freescale/kds_3.0.0/toolchain/bin/../lib/gcc/arm-none-eabi/4.8.4/armv7e-m/fpu\libgcc.a(_arm_muldivdf3.o)
                              ./Sources/PIT.o (__aeabi_dmul)
c:/freescale/kds_3.0.0/toolchain/bin/../lib/gcc/arm-none-eabi/4.8.4/armv7e-m/fpu\libgcc.a(_arm_fixunsdfsi.o)
                              ./Sources/PIT.o (__aeabi_d2uiz)
c:/freescale/kds_3.0.0/toolchain/bin/../lib/gcc/arm-none-eabi/4.8.4/../../../../arm-none-eabi/lib/armv7e-m/fpu\libg_s.a(lib_a-exit.o)
                              c:/freescale/kds_3.0.0/toolchain/bin/../lib/gcc/arm-none-eabi/4.8.4/../../../../arm-none-eabi/lib/armv7e-m/fpu/crt0.o (exit)
c:/freescale/kds_3.0.0/toolchain/bin/../lib/gcc/arm-none-eabi/4.8.4/../../../../arm-none-eabi/lib/armv7e-m/fpu\libg_s.a(lib_a-impure.o)
                              c:/freescale/kds_3.0.0/toolchain/bin/../lib/gcc/arm-none-eabi/4.8.4/../../../../arm-none-eabi/lib/armv7e-m/fpu\libg_s.a(lib_a-exit.o) (_global_impure_ptr)
c:/freescale/kds_3.0.0/toolchain/bin/../lib/gcc/arm-none-eabi/4.8.4/../../../../arm-none-eabi/lib/armv7e-m/fpu\libg_s.a(lib_a-init.o)
                              c:/freescale/kds_3.0.0/toolchain/bin/../lib/gcc/arm-none-eabi/4.8.4/../../../../arm-none-eabi/lib/armv7e-m/fpu/crt0.o (__libc_init_array)
c:/freescale/kds_3.0.0/toolchain/bin/../lib/gcc/arm-none-eabi/4.8.4/../../../../arm-none-eabi/lib/armv7e-m/fpu\libg_s.a(lib_a-memset.o)
                              c:/freescale/kds_3.0.0/toolchain/bin/../lib/gcc/arm-none-eabi/4.8.4/../../../../arm-none-eabi/lib/armv7e-m/fpu/crt0.o (memset)
c:/freescale/kds_3.0.0/toolchain/bin/../lib/gcc/arm-none-eabi/4.8.4/../../../../arm-none-eabi/lib/armv7e-m/fpu\libnosys.a(_exit.o)
                              c:/freescale/kds_3.0.0/toolchain/bin/../lib/gcc/arm-none-eabi/4.8.4/../../../../arm-none-eabi/lib/armv7e-m/fpu\libg_s.a(lib_a-exit.o) (_exit)

Allocating common symbols
Common symbol       size              file

NvTowerMd           0x4               ./Sources/main.o
userFunctionRTC     0x4               ./Sources/RTC.o
NvTowerNb           0x4               ./Sources/main.o
Packet              0x5               ./Sources/packet.o
ModuleCLK           0x4               ./Sources/PIT.o
aTimer              0x10              ./Sources/main.o
userArgumentsFTM    0x4               ./Sources/FTM.o
function            0x1               ./Sources/FTM.o
channel             0x1               ./Sources/FTM.o
SR_reg              0x1               ./Generated_Code/Cpu.o
userArgumentsRTC    0x4               ./Sources/RTC.o
towerMode           0x2               ./Sources/main.o
userFunctionFTM     0x4               ./Sources/FTM.o
userArgumentsPIT    0x4               ./Sources/PIT.o
userFunctionPIT     0x4               ./Sources/PIT.o
towerNumber         0x2               ./Sources/main.o

Discarded input sections

 .text          0x00000000        0x0 c:/freescale/kds_3.0.0/toolchain/bin/../lib/gcc/arm-none-eabi/4.8.4/armv7e-m/fpu/crti.o
 .data          0x00000000        0x0 c:/freescale/kds_3.0.0/toolchain/bin/../lib/gcc/arm-none-eabi/4.8.4/armv7e-m/fpu/crti.o
 .bss           0x00000000        0x0 c:/freescale/kds_3.0.0/toolchain/bin/../lib/gcc/arm-none-eabi/4.8.4/armv7e-m/fpu/crti.o
 .data          0x00000000        0x4 c:/freescale/kds_3.0.0/toolchain/bin/../lib/gcc/arm-none-eabi/4.8.4/armv7e-m/fpu/crtbegin.o
 .data          0x00000000        0x0 c:/freescale/kds_3.0.0/toolchain/bin/../lib/gcc/arm-none-eabi/4.8.4/../../../../arm-none-eabi/lib/armv7e-m/fpu/crt0.o
 .bss           0x00000000        0x0 c:/freescale/kds_3.0.0/toolchain/bin/../lib/gcc/arm-none-eabi/4.8.4/../../../../arm-none-eabi/lib/armv7e-m/fpu/crt0.o
 .ARM.extab     0x00000000        0x0 c:/freescale/kds_3.0.0/toolchain/bin/../lib/gcc/arm-none-eabi/4.8.4/../../../../arm-none-eabi/lib/armv7e-m/fpu/crt0.o
 .group         0x00000000        0x8 ./Sources/Events.o
 .group         0x00000000        0x8 ./Sources/Events.o
 .group         0x00000000        0x8 ./Sources/Events.o
 .group         0x00000000        0x8 ./Sources/Events.o
 .group         0x00000000        0x8 ./Sources/Events.o
 .group         0x00000000        0x8 ./Sources/Events.o
 .group         0x00000000        0x8 ./Sources/Events.o
 .group         0x00000000        0x8 ./Sources/Events.o
 .group         0x00000000        0x8 ./Sources/Events.o
 .text          0x00000000        0x0 ./Sources/Events.o
 .data          0x00000000        0x0 ./Sources/Events.o
 .bss           0x00000000        0x0 ./Sources/Events.o
 .debug_info    0x00000000       0x7d ./Sources/Events.o
 .debug_abbrev  0x00000000       0x29 ./Sources/Events.o
 .debug_aranges
                0x00000000       0x18 ./Sources/Events.o
 .debug_macro   0x00000000       0xa3 ./Sources/Events.o
 .debug_macro   0x00000000      0x850 ./Sources/Events.o
 .debug_macro   0x00000000       0x16 ./Sources/Events.o
 .debug_macro   0x00000000       0x44 ./Sources/Events.o
 .debug_macro   0x00000000      0x209 ./Sources/Events.o
 .debug_macro   0x00000000     0x17fa ./Sources/Events.o
 .debug_macro   0x00000000      0x14e ./Sources/Events.o
 .debug_macro   0x00000000       0x64 ./Sources/Events.o
 .debug_macro   0x00000000    0x174c1 ./Sources/Events.o
 .debug_macro   0x00000000       0x94 ./Sources/Events.o
 .debug_line    0x00000000      0x226 ./Sources/Events.o
 .debug_str     0x00000000    0x8a5db ./Sources/Events.o
 .comment       0x00000000       0x71 ./Sources/Events.o
 .ARM.attributes
                0x00000000       0x39 ./Sources/Events.o
 .group         0x00000000        0x8 ./Sources/FIFO.o
 .group         0x00000000        0x8 ./Sources/FIFO.o
 .group         0x00000000        0x8 ./Sources/FIFO.o
 .group         0x00000000        0x8 ./Sources/FIFO.o
 .group         0x00000000        0x8 ./Sources/FIFO.o
 .group         0x00000000        0x8 ./Sources/FIFO.o
 .group         0x00000000        0x8 ./Sources/FIFO.o
 .group         0x00000000        0x8 ./Sources/FIFO.o
 .group         0x00000000        0x8 ./Sources/FIFO.o
 .group         0x00000000        0x8 ./Sources/FIFO.o
 .text          0x00000000        0x0 ./Sources/FIFO.o
 .data          0x00000000        0x0 ./Sources/FIFO.o
 .bss           0x00000000        0x0 ./Sources/FIFO.o
 .debug_macro   0x00000000      0x850 ./Sources/FIFO.o
 .debug_macro   0x00000000       0x16 ./Sources/FIFO.o
 .debug_macro   0x00000000       0x44 ./Sources/FIFO.o
 .debug_macro   0x00000000      0x209 ./Sources/FIFO.o
 .debug_macro   0x00000000      0x14e ./Sources/FIFO.o
 .debug_macro   0x00000000       0x64 ./Sources/FIFO.o
 .debug_macro   0x00000000    0x174c1 ./Sources/FIFO.o
 .debug_macro   0x00000000       0x94 ./Sources/FIFO.o
 .debug_macro   0x00000000     0x17fa ./Sources/FIFO.o
 .group         0x00000000        0x8 ./Sources/FTM.o
 .group         0x00000000        0x8 ./Sources/FTM.o
 .group         0x00000000        0x8 ./Sources/FTM.o
 .group         0x00000000        0x8 ./Sources/FTM.o
 .group         0x00000000        0x8 ./Sources/FTM.o
 .group         0x00000000        0x8 ./Sources/FTM.o
 .text          0x00000000        0x0 ./Sources/FTM.o
 .data          0x00000000        0x0 ./Sources/FTM.o
 .bss           0x00000000        0x0 ./Sources/FTM.o
 .text.FTM0_ISR
                0x00000000       0x5c ./Sources/FTM.o
 .debug_macro   0x00000000      0x850 ./Sources/FTM.o
 .debug_macro   0x00000000       0x16 ./Sources/FTM.o
 .debug_macro   0x00000000       0x44 ./Sources/FTM.o
 .debug_macro   0x00000000      0x209 ./Sources/FTM.o
 .debug_macro   0x00000000       0x22 ./Sources/FTM.o
 .debug_macro   0x00000000    0x174c1 ./Sources/FTM.o
 .group         0x00000000        0x8 ./Sources/Flash.o
 .group         0x00000000        0x8 ./Sources/Flash.o
 .group         0x00000000        0x8 ./Sources/Flash.o
 .group         0x00000000        0x8 ./Sources/Flash.o
 .group         0x00000000        0x8 ./Sources/Flash.o
 .group         0x00000000        0x8 ./Sources/Flash.o
 .group         0x00000000        0x8 ./Sources/Flash.o
 .text          0x00000000        0x0 ./Sources/Flash.o
 .data          0x00000000        0x0 ./Sources/Flash.o
 .bss           0x00000000        0x0 ./Sources/Flash.o
 .text.Flash_Write32
                0x00000000       0x78 ./Sources/Flash.o
 .debug_macro   0x00000000      0x850 ./Sources/Flash.o
 .debug_macro   0x00000000       0x16 ./Sources/Flash.o
 .debug_macro   0x00000000       0x44 ./Sources/Flash.o
 .debug_macro   0x00000000      0x209 ./Sources/Flash.o
 .debug_macro   0x00000000       0x22 ./Sources/Flash.o
 .debug_macro   0x00000000    0x174c1 ./Sources/Flash.o
 .group         0x00000000        0x8 ./Sources/LEDs.o
 .group         0x00000000        0x8 ./Sources/LEDs.o
 .group         0x00000000        0x8 ./Sources/LEDs.o
 .group         0x00000000        0x8 ./Sources/LEDs.o
 .group         0x00000000        0x8 ./Sources/LEDs.o
 .group         0x00000000        0x8 ./Sources/LEDs.o
 .text          0x00000000        0x0 ./Sources/LEDs.o
 .data          0x00000000        0x0 ./Sources/LEDs.o
 .bss           0x00000000        0x0 ./Sources/LEDs.o
 .debug_macro   0x00000000      0x850 ./Sources/LEDs.o
 .debug_macro   0x00000000       0x16 ./Sources/LEDs.o
 .debug_macro   0x00000000       0x44 ./Sources/LEDs.o
 .debug_macro   0x00000000      0x209 ./Sources/LEDs.o
 .debug_macro   0x00000000       0x22 ./Sources/LEDs.o
 .debug_macro   0x00000000    0x174c1 ./Sources/LEDs.o
 .group         0x00000000        0x8 ./Sources/PIT.o
 .group         0x00000000        0x8 ./Sources/PIT.o
 .group         0x00000000        0x8 ./Sources/PIT.o
 .group         0x00000000        0x8 ./Sources/PIT.o
 .group         0x00000000        0x8 ./Sources/PIT.o
 .group         0x00000000        0x8 ./Sources/PIT.o
 .text          0x00000000        0x0 ./Sources/PIT.o
 .data          0x00000000        0x0 ./Sources/PIT.o
 .bss           0x00000000        0x0 ./Sources/PIT.o
 .text.PIT_ISR  0x00000000       0x48 ./Sources/PIT.o
 .debug_macro   0x00000000      0x850 ./Sources/PIT.o
 .debug_macro   0x00000000       0x16 ./Sources/PIT.o
 .debug_macro   0x00000000       0x44 ./Sources/PIT.o
 .debug_macro   0x00000000      0x209 ./Sources/PIT.o
 .debug_macro   0x00000000       0x22 ./Sources/PIT.o
 .debug_macro   0x00000000    0x174c1 ./Sources/PIT.o
 .group         0x00000000        0x8 ./Sources/RTC.o
 .group         0x00000000        0x8 ./Sources/RTC.o
 .group         0x00000000        0x8 ./Sources/RTC.o
 .group         0x00000000        0x8 ./Sources/RTC.o
 .group         0x00000000        0x8 ./Sources/RTC.o
 .group         0x00000000        0x8 ./Sources/RTC.o
 .text          0x00000000        0x0 ./Sources/RTC.o
 .data          0x00000000        0x0 ./Sources/RTC.o
 .bss           0x00000000        0x0 ./Sources/RTC.o
 .text.RTC_ISR  0x00000000       0x34 ./Sources/RTC.o
 .debug_macro   0x00000000      0x850 ./Sources/RTC.o
 .debug_macro   0x00000000       0x16 ./Sources/RTC.o
 .debug_macro   0x00000000       0x44 ./Sources/RTC.o
 .debug_macro   0x00000000      0x209 ./Sources/RTC.o
 .debug_macro   0x00000000       0x22 ./Sources/RTC.o
 .debug_macro   0x00000000    0x174c1 ./Sources/RTC.o
 .group         0x00000000        0x8 ./Sources/UART.o
 .group         0x00000000        0x8 ./Sources/UART.o
 .group         0x00000000        0x8 ./Sources/UART.o
 .group         0x00000000        0x8 ./Sources/UART.o
 .group         0x00000000        0x8 ./Sources/UART.o
 .group         0x00000000        0x8 ./Sources/UART.o
 .group         0x00000000        0x8 ./Sources/UART.o
 .text          0x00000000        0x0 ./Sources/UART.o
 .data          0x00000000        0x0 ./Sources/UART.o
 .bss           0x00000000        0x0 ./Sources/UART.o
 .text.UART_ISR
                0x00000000       0x8c ./Sources/UART.o
 .debug_macro   0x00000000      0x850 ./Sources/UART.o
 .debug_macro   0x00000000       0x16 ./Sources/UART.o
 .debug_macro   0x00000000       0x44 ./Sources/UART.o
 .debug_macro   0x00000000      0x209 ./Sources/UART.o
 .debug_macro   0x00000000       0x22 ./Sources/UART.o
 .debug_macro   0x00000000    0x174c1 ./Sources/UART.o
 .group         0x00000000        0x8 ./Sources/main.o
 .group         0x00000000        0x8 ./Sources/main.o
 .group         0x00000000        0x8 ./Sources/main.o
 .group         0x00000000        0x8 ./Sources/main.o
 .group         0x00000000        0x8 ./Sources/main.o
 .group         0x00000000        0x8 ./Sources/main.o
 .group         0x00000000        0x8 ./Sources/main.o
 .group         0x00000000        0x8 ./Sources/main.o
 .group         0x00000000        0x8 ./Sources/main.o
 .group         0x00000000        0x8 ./Sources/main.o
 .group         0x00000000        0x8 ./Sources/main.o
 .group         0x00000000        0x8 ./Sources/main.o
 .text          0x00000000        0x0 ./Sources/main.o
 .data          0x00000000        0x0 ./Sources/main.o
 .bss           0x00000000        0x0 ./Sources/main.o
 .rodata.CMDSTARTUP
                0x00000000        0x1 ./Sources/main.o
 .rodata.CMDTOWERVERSION
                0x00000000        0x1 ./Sources/main.o
 .rodata.CMDTOWERNUMBER
                0x00000000        0x1 ./Sources/main.o
 .rodata.CMDTOWERMODE
                0x00000000        0x1 ./Sources/main.o
 .rodata.CMDFLASHREAD
                0x00000000        0x1 ./Sources/main.o
 .rodata.CMDTOWERTIME
                0x00000000        0x1 ./Sources/main.o
 .rodata.PACKET_ACK_MASK
                0x00000000        0x1 ./Sources/main.o
 .rodata.BAUDRATE
                0x00000000        0x4 ./Sources/main.o
 .rodata.MODULE_CLK
                0x00000000        0x4 ./Sources/main.o
 .rodata.TIMEDELAY1SECOND
                0x00000000        0x2 ./Sources/main.o
 .debug_macro   0x00000000      0x850 ./Sources/main.o
 .debug_macro   0x00000000       0x16 ./Sources/main.o
 .debug_macro   0x00000000       0x44 ./Sources/main.o
 .debug_macro   0x00000000      0x209 ./Sources/main.o
 .debug_macro   0x00000000     0x17fa ./Sources/main.o
 .debug_macro   0x00000000      0x14e ./Sources/main.o
 .debug_macro   0x00000000       0x64 ./Sources/main.o
 .debug_macro   0x00000000    0x174c1 ./Sources/main.o
 .debug_macro   0x00000000       0x94 ./Sources/main.o
 .debug_macro   0x00000000       0x22 ./Sources/main.o
 .debug_macro   0x00000000       0x2e ./Sources/main.o
 .group         0x00000000        0x8 ./Sources/packet.o
 .group         0x00000000        0x8 ./Sources/packet.o
 .group         0x00000000        0x8 ./Sources/packet.o
 .group         0x00000000        0x8 ./Sources/packet.o
 .group         0x00000000        0x8 ./Sources/packet.o
 .group         0x00000000        0x8 ./Sources/packet.o
 .text          0x00000000        0x0 ./Sources/packet.o
 .data          0x00000000        0x0 ./Sources/packet.o
 .bss           0x00000000        0x0 ./Sources/packet.o
 .debug_macro   0x00000000      0x850 ./Sources/packet.o
 .debug_macro   0x00000000       0x16 ./Sources/packet.o
 .debug_macro   0x00000000       0x44 ./Sources/packet.o
 .debug_macro   0x00000000      0x209 ./Sources/packet.o
 .debug_macro   0x00000000       0x22 ./Sources/packet.o
 .group         0x00000000        0x8 ./Project_Settings/Startup_Code/startup.o
 .group         0x00000000        0x8 ./Project_Settings/Startup_Code/startup.o
 .group         0x00000000        0x8 ./Project_Settings/Startup_Code/startup.o
 .group         0x00000000        0x8 ./Project_Settings/Startup_Code/startup.o
 .group         0x00000000        0x8 ./Project_Settings/Startup_Code/startup.o
 .group         0x00000000        0x8 ./Project_Settings/Startup_Code/startup.o
 .group         0x00000000        0x8 ./Project_Settings/Startup_Code/startup.o
 .group         0x00000000        0x8 ./Project_Settings/Startup_Code/startup.o
 .group         0x00000000        0x8 ./Project_Settings/Startup_Code/startup.o
 .group         0x00000000        0x8 ./Project_Settings/Startup_Code/startup.o
 .group         0x00000000        0x8 ./Project_Settings/Startup_Code/startup.o
 .group         0x00000000        0x8 ./Project_Settings/Startup_Code/startup.o
 .group         0x00000000        0x8 ./Project_Settings/Startup_Code/startup.o
 .group         0x00000000        0x8 ./Project_Settings/Startup_Code/startup.o
 .group         0x00000000        0x8 ./Project_Settings/Startup_Code/startup.o
 .group         0x00000000        0x8 ./Project_Settings/Startup_Code/startup.o
 .group         0x00000000        0x8 ./Project_Settings/Startup_Code/startup.o
 .group         0x00000000        0x8 ./Project_Settings/Startup_Code/startup.o
 .group         0x00000000        0x8 ./Project_Settings/Startup_Code/startup.o
 .text          0x00000000        0x0 ./Project_Settings/Startup_Code/startup.o
 .data          0x00000000        0x0 ./Project_Settings/Startup_Code/startup.o
 .bss           0x00000000        0x0 ./Project_Settings/Startup_Code/startup.o
 .text.__init_hardware
                0x00000000        0xc ./Project_Settings/Startup_Code/startup.o
 .text.__iar_program_start
                0x00000000        0xc ./Project_Settings/Startup_Code/startup.o
 .debug_macro   0x00000000      0x850 ./Project_Settings/Startup_Code/startup.o
 .debug_macro   0x00000000       0x16 ./Project_Settings/Startup_Code/startup.o
 .group         0x00000000        0x8 ./Generated_Code/Cpu.o
 .group         0x00000000        0x8 ./Generated_Code/Cpu.o
 .group         0x00000000        0x8 ./Generated_Code/Cpu.o
 .group         0x00000000        0x8 ./Generated_Code/Cpu.o
 .group         0x00000000        0x8 ./Generated_Code/Cpu.o
 .group         0x00000000        0x8 ./Generated_Code/Cpu.o
 .group         0x00000000        0x8 ./Generated_Code/Cpu.o
 .group         0x00000000        0x8 ./Generated_Code/Cpu.o
 .group         0x00000000        0x8 ./Generated_Code/Cpu.o
 .text          0x00000000        0x0 ./Generated_Code/Cpu.o
 .data          0x00000000        0x0 ./Generated_Code/Cpu.o
 .bss           0x00000000        0x0 ./Generated_Code/Cpu.o
 .debug_macro   0x00000000      0x850 ./Generated_Code/Cpu.o
 .debug_macro   0x00000000       0x16 ./Generated_Code/Cpu.o
 .debug_macro   0x00000000       0x44 ./Generated_Code/Cpu.o
 .debug_macro   0x00000000      0x209 ./Generated_Code/Cpu.o
 .debug_macro   0x00000000      0x14e ./Generated_Code/Cpu.o
 .debug_macro   0x00000000       0x64 ./Generated_Code/Cpu.o
 .debug_macro   0x00000000    0x174c1 ./Generated_Code/Cpu.o
 .group         0x00000000        0x8 ./Generated_Code/PE_LDD.o
 .group         0x00000000        0x8 ./Generated_Code/PE_LDD.o
 .group         0x00000000        0x8 ./Generated_Code/PE_LDD.o
 .group         0x00000000        0x8 ./Generated_Code/PE_LDD.o
 .group         0x00000000        0x8 ./Generated_Code/PE_LDD.o
 .group         0x00000000        0x8 ./Generated_Code/PE_LDD.o
 .group         0x00000000        0x8 ./Generated_Code/PE_LDD.o
 .group         0x00000000        0x8 ./Generated_Code/PE_LDD.o
 .group         0x00000000        0x8 ./Generated_Code/PE_LDD.o
 .text          0x00000000        0x0 ./Generated_Code/PE_LDD.o
 .data          0x00000000        0x0 ./Generated_Code/PE_LDD.o
 .bss           0x00000000        0x0 ./Generated_Code/PE_LDD.o
 .rodata.PE_CpuClockConfigurations
                0x00000000       0x28 ./Generated_Code/PE_LDD.o
 .text.PE_FillMemory
                0x00000000       0x24 ./Generated_Code/PE_LDD.o
 .text.PE_PeripheralUsed
                0x00000000       0x18 ./Generated_Code/PE_LDD.o
 .text.LDD_SetClockConfiguration
                0x00000000       0x14 ./Generated_Code/PE_LDD.o
 .debug_info    0x00000000      0x215 ./Generated_Code/PE_LDD.o
 .debug_abbrev  0x00000000       0xf3 ./Generated_Code/PE_LDD.o
 .debug_aranges
                0x00000000       0x30 ./Generated_Code/PE_LDD.o
 .debug_ranges  0x00000000       0x20 ./Generated_Code/PE_LDD.o
 .debug_macro   0x00000000       0x8f ./Generated_Code/PE_LDD.o
 .debug_macro   0x00000000      0x850 ./Generated_Code/PE_LDD.o
 .debug_macro   0x00000000       0x16 ./Generated_Code/PE_LDD.o
 .debug_macro   0x00000000       0x44 ./Generated_Code/PE_LDD.o
 .debug_macro   0x00000000      0x209 ./Generated_Code/PE_LDD.o
 .debug_macro   0x00000000     0x17fa ./Generated_Code/PE_LDD.o
 .debug_macro   0x00000000      0x14e ./Generated_Code/PE_LDD.o
 .debug_macro   0x00000000       0x64 ./Generated_Code/PE_LDD.o
 .debug_macro   0x00000000    0x174c1 ./Generated_Code/PE_LDD.o
 .debug_macro   0x00000000       0x94 ./Generated_Code/PE_LDD.o
 .debug_line    0x00000000      0x232 ./Generated_Code/PE_LDD.o
 .debug_str     0x00000000    0x8a76b ./Generated_Code/PE_LDD.o
 .comment       0x00000000       0x71 ./Generated_Code/PE_LDD.o
 .ARM.attributes
                0x00000000       0x39 ./Generated_Code/PE_LDD.o
 .debug_frame   0x00000000       0x64 ./Generated_Code/PE_LDD.o
 .group         0x00000000        0x8 ./Generated_Code/Vectors.o
 .group         0x00000000        0x8 ./Generated_Code/Vectors.o
 .group         0x00000000        0x8 ./Generated_Code/Vectors.o
 .group         0x00000000        0x8 ./Generated_Code/Vectors.o
 .group         0x00000000        0x8 ./Generated_Code/Vectors.o
 .group         0x00000000        0x8 ./Generated_Code/Vectors.o
 .group         0x00000000        0x8 ./Generated_Code/Vectors.o
 .group         0x00000000        0x8 ./Generated_Code/Vectors.o
 .group         0x00000000        0x8 ./Generated_Code/Vectors.o
 .text          0x00000000        0x0 ./Generated_Code/Vectors.o
 .data          0x00000000        0x0 ./Generated_Code/Vectors.o
 .bss           0x00000000        0x0 ./Generated_Code/Vectors.o
 .debug_macro   0x00000000      0x850 ./Generated_Code/Vectors.o
 .debug_macro   0x00000000       0x16 ./Generated_Code/Vectors.o
 .debug_macro   0x00000000       0x44 ./Generated_Code/Vectors.o
 .debug_macro   0x00000000      0x209 ./Generated_Code/Vectors.o
 .debug_macro   0x00000000     0x17fa ./Generated_Code/Vectors.o
 .debug_macro   0x00000000      0x14e ./Generated_Code/Vectors.o
 .debug_macro   0x00000000       0x64 ./Generated_Code/Vectors.o
 .debug_macro   0x00000000    0x174c1 ./Generated_Code/Vectors.o
 .debug_macro   0x00000000       0x94 ./Generated_Code/Vectors.o
 .data          0x00000000        0x0 c:/freescale/kds_3.0.0/toolchain/bin/../lib/gcc/arm-none-eabi/4.8.4/armv7e-m/fpu\libgcc.a(_arm_addsubdf3.o)
 .bss           0x00000000        0x0 c:/freescale/kds_3.0.0/toolchain/bin/../lib/gcc/arm-none-eabi/4.8.4/armv7e-m/fpu\libgcc.a(_arm_addsubdf3.o)
 .data          0x00000000        0x0 c:/freescale/kds_3.0.0/toolchain/bin/../lib/gcc/arm-none-eabi/4.8.4/armv7e-m/fpu\libgcc.a(_arm_muldivdf3.o)
 .bss           0x00000000        0x0 c:/freescale/kds_3.0.0/toolchain/bin/../lib/gcc/arm-none-eabi/4.8.4/armv7e-m/fpu\libgcc.a(_arm_muldivdf3.o)
 .data          0x00000000        0x0 c:/freescale/kds_3.0.0/toolchain/bin/../lib/gcc/arm-none-eabi/4.8.4/armv7e-m/fpu\libgcc.a(_arm_fixunsdfsi.o)
 .bss           0x00000000        0x0 c:/freescale/kds_3.0.0/toolchain/bin/../lib/gcc/arm-none-eabi/4.8.4/armv7e-m/fpu\libgcc.a(_arm_fixunsdfsi.o)
 .text          0x00000000        0x0 c:/freescale/kds_3.0.0/toolchain/bin/../lib/gcc/arm-none-eabi/4.8.4/../../../../arm-none-eabi/lib/armv7e-m/fpu\libg_s.a(lib_a-exit.o)
 .data          0x00000000        0x0 c:/freescale/kds_3.0.0/toolchain/bin/../lib/gcc/arm-none-eabi/4.8.4/../../../../arm-none-eabi/lib/armv7e-m/fpu\libg_s.a(lib_a-exit.o)
 .bss           0x00000000        0x0 c:/freescale/kds_3.0.0/toolchain/bin/../lib/gcc/arm-none-eabi/4.8.4/../../../../arm-none-eabi/lib/armv7e-m/fpu\libg_s.a(lib_a-exit.o)
 .text          0x00000000        0x0 c:/freescale/kds_3.0.0/toolchain/bin/../lib/gcc/arm-none-eabi/4.8.4/../../../../arm-none-eabi/lib/armv7e-m/fpu\libg_s.a(lib_a-impure.o)
 .data          0x00000000        0x0 c:/freescale/kds_3.0.0/toolchain/bin/../lib/gcc/arm-none-eabi/4.8.4/../../../../arm-none-eabi/lib/armv7e-m/fpu\libg_s.a(lib_a-impure.o)
 .bss           0x00000000        0x0 c:/freescale/kds_3.0.0/toolchain/bin/../lib/gcc/arm-none-eabi/4.8.4/../../../../arm-none-eabi/lib/armv7e-m/fpu\libg_s.a(lib_a-impure.o)
 .data._impure_ptr
                0x00000000        0x4 c:/freescale/kds_3.0.0/toolchain/bin/../lib/gcc/arm-none-eabi/4.8.4/../../../../arm-none-eabi/lib/armv7e-m/fpu\libg_s.a(lib_a-impure.o)
 .text          0x00000000        0x0 c:/freescale/kds_3.0.0/toolchain/bin/../lib/gcc/arm-none-eabi/4.8.4/../../../../arm-none-eabi/lib/armv7e-m/fpu\libg_s.a(lib_a-init.o)
 .data          0x00000000        0x0 c:/freescale/kds_3.0.0/toolchain/bin/../lib/gcc/arm-none-eabi/4.8.4/../../../../arm-none-eabi/lib/armv7e-m/fpu\libg_s.a(lib_a-init.o)
 .bss           0x00000000        0x0 c:/freescale/kds_3.0.0/toolchain/bin/../lib/gcc/arm-none-eabi/4.8.4/../../../../arm-none-eabi/lib/armv7e-m/fpu\libg_s.a(lib_a-init.o)
 .text          0x00000000        0x0 c:/freescale/kds_3.0.0/toolchain/bin/../lib/gcc/arm-none-eabi/4.8.4/../../../../arm-none-eabi/lib/armv7e-m/fpu\libg_s.a(lib_a-memset.o)
 .data          0x00000000        0x0 c:/freescale/kds_3.0.0/toolchain/bin/../lib/gcc/arm-none-eabi/4.8.4/../../../../arm-none-eabi/lib/armv7e-m/fpu\libg_s.a(lib_a-memset.o)
 .bss           0x00000000        0x0 c:/freescale/kds_3.0.0/toolchain/bin/../lib/gcc/arm-none-eabi/4.8.4/../../../../arm-none-eabi/lib/armv7e-m/fpu\libg_s.a(lib_a-memset.o)
 .text          0x00000000        0x0 c:/freescale/kds_3.0.0/toolchain/bin/../lib/gcc/arm-none-eabi/4.8.4/../../../../arm-none-eabi/lib/armv7e-m/fpu\libnosys.a(_exit.o)
 .data          0x00000000        0x0 c:/freescale/kds_3.0.0/toolchain/bin/../lib/gcc/arm-none-eabi/4.8.4/../../../../arm-none-eabi/lib/armv7e-m/fpu\libnosys.a(_exit.o)
 .bss           0x00000000        0x0 c:/freescale/kds_3.0.0/toolchain/bin/../lib/gcc/arm-none-eabi/4.8.4/../../../../arm-none-eabi/lib/armv7e-m/fpu\libnosys.a(_exit.o)
 .text          0x00000000        0x0 c:/freescale/kds_3.0.0/toolchain/bin/../lib/gcc/arm-none-eabi/4.8.4/armv7e-m/fpu/crtend.o
 .data          0x00000000        0x0 c:/freescale/kds_3.0.0/toolchain/bin/../lib/gcc/arm-none-eabi/4.8.4/armv7e-m/fpu/crtend.o
 .bss           0x00000000        0x0 c:/freescale/kds_3.0.0/toolchain/bin/../lib/gcc/arm-none-eabi/4.8.4/armv7e-m/fpu/crtend.o
 .eh_frame      0x00000000        0x4 c:/freescale/kds_3.0.0/toolchain/bin/../lib/gcc/arm-none-eabi/4.8.4/armv7e-m/fpu/crtend.o
 .jcr           0x00000000        0x4 c:/freescale/kds_3.0.0/toolchain/bin/../lib/gcc/arm-none-eabi/4.8.4/armv7e-m/fpu/crtend.o
 .ARM.attributes
                0x00000000       0x34 c:/freescale/kds_3.0.0/toolchain/bin/../lib/gcc/arm-none-eabi/4.8.4/armv7e-m/fpu/crtend.o
 .text          0x00000000        0x0 c:/freescale/kds_3.0.0/toolchain/bin/../lib/gcc/arm-none-eabi/4.8.4/armv7e-m/fpu/crtn.o
 .data          0x00000000        0x0 c:/freescale/kds_3.0.0/toolchain/bin/../lib/gcc/arm-none-eabi/4.8.4/armv7e-m/fpu/crtn.o
 .bss           0x00000000        0x0 c:/freescale/kds_3.0.0/toolchain/bin/../lib/gcc/arm-none-eabi/4.8.4/armv7e-m/fpu/crtn.o

Memory Configuration

Name             Origin             Length             Attributes
m_interrupts     0x00000000         0x000001e8         xr
m_text           0x00000410         0x0007fbf0         xr
m_data           0x1fff0000         0x00010000         rw
m_data_20000000  0x20000000         0x00010000         rw
m_cfmprotrom     0x00000400         0x00000010         xr
*default*        0x00000000         0xffffffff

Linker script and memory map

LOAD c:/freescale/kds_3.0.0/toolchain/bin/../lib/gcc/arm-none-eabi/4.8.4/armv7e-m/fpu/crti.o
LOAD c:/freescale/kds_3.0.0/toolchain/bin/../lib/gcc/arm-none-eabi/4.8.4/armv7e-m/fpu/crtbegin.o
LOAD c:/freescale/kds_3.0.0/toolchain/bin/../lib/gcc/arm-none-eabi/4.8.4/../../../../arm-none-eabi/lib/armv7e-m/fpu/crt0.o
LOAD ./Sources/Events.o
LOAD ./Sources/FIFO.o
LOAD ./Sources/FTM.o
LOAD ./Sources/Flash.o
LOAD ./Sources/LEDs.o
LOAD ./Sources/PIT.o
LOAD ./Sources/RTC.o
LOAD ./Sources/UART.o
LOAD ./Sources/main.o
LOAD ./Sources/packet.o
LOAD ./Project_Settings/Startup_Code/startup.o
LOAD ./Generated_Code/Cpu.o
LOAD ./Generated_Code/PE_LDD.o
LOAD ./Generated_Code/Vectors.o
LOAD C:\Users\99178333\Desktop\Lab5\Library\libOS.a
LOAD c:/freescale/kds_3.0.0/toolchain/bin/../lib/gcc/arm-none-eabi/4.8.4/../../../../arm-none-eabi/lib/armv7e-m/fpu\libstdc++_s.a
LOAD c:/freescale/kds_3.0.0/toolchain/bin/../lib/gcc/arm-none-eabi/4.8.4/../../../../arm-none-eabi/lib/armv7e-m/fpu\libm.a
START GROUP
LOAD c:/freescale/kds_3.0.0/toolchain/bin/../lib/gcc/arm-none-eabi/4.8.4/armv7e-m/fpu\libgcc.a
LOAD c:/freescale/kds_3.0.0/toolchain/bin/../lib/gcc/arm-none-eabi/4.8.4/../../../../arm-none-eabi/lib/armv7e-m/fpu\libg_s.a
LOAD c:/freescale/kds_3.0.0/toolchain/bin/../lib/gcc/arm-none-eabi/4.8.4/../../../../arm-none-eabi/lib/armv7e-m/fpu\libc_s.a
END GROUP
START GROUP
LOAD c:/freescale/kds_3.0.0/toolchain/bin/../lib/gcc/arm-none-eabi/4.8.4/armv7e-m/fpu\libgcc.a
LOAD c:/freescale/kds_3.0.0/toolchain/bin/../lib/gcc/arm-none-eabi/4.8.4/../../../../arm-none-eabi/lib/armv7e-m/fpu\libc_s.a
LOAD c:/freescale/kds_3.0.0/toolchain/bin/../lib/gcc/arm-none-eabi/4.8.4/../../../../arm-none-eabi/lib/armv7e-m/fpu\libnosys.a
END GROUP
START GROUP
LOAD c:/freescale/kds_3.0.0/toolchain/bin/../lib/gcc/arm-none-eabi/4.8.4/armv7e-m/fpu\libgcc.a
LOAD c:/freescale/kds_3.0.0/toolchain/bin/../lib/gcc/arm-none-eabi/4.8.4/../../../../arm-none-eabi/lib/armv7e-m/fpu\libc_s.a
LOAD c:/freescale/kds_3.0.0/toolchain/bin/../lib/gcc/arm-none-eabi/4.8.4/../../../../arm-none-eabi/lib/armv7e-m/fpu\libnosys.a
END GROUP
LOAD c:/freescale/kds_3.0.0/toolchain/bin/../lib/gcc/arm-none-eabi/4.8.4/armv7e-m/fpu/crtend.o
LOAD c:/freescale/kds_3.0.0/toolchain/bin/../lib/gcc/arm-none-eabi/4.8.4/armv7e-m/fpu/crtn.o
                0x20000000                _estack = 0x20000000
                0x20000000                __SP_INIT = _estack
                0x20000000                __stack = _estack
                0x00000000                __heap_size = 0x0
                0x00000400                __stack_size = 0x400

.interrupts     0x00000000      0x1e8
                0x00000000                __vector_table = .
                0x00000000                . = ALIGN (0x4)
 *(.vectortable)
 .vectortable   0x00000000      0x1e8 ./Generated_Code/Vectors.o
                0x00000000                __vect_table
                0x000001e8                . = ALIGN (0x4)

.cfmprotect     0x00000400       0x10
                0x00000400                . = ALIGN (0x4)
 *(.cfmconfig)
 .cfmconfig     0x00000400       0x10 ./Generated_Code/Cpu.o
                0x00000400                _cfm
                0x00000410                . = ALIGN (0x4)

.text           0x00000410     0x2080
                0x00000410                . = ALIGN (0x4)
 *(.text)
 .text          0x00000410       0x54 c:/freescale/kds_3.0.0/toolchain/bin/../lib/gcc/arm-none-eabi/4.8.4/armv7e-m/fpu/crtbegin.o
 .text          0x00000464       0x74 c:/freescale/kds_3.0.0/toolchain/bin/../lib/gcc/arm-none-eabi/4.8.4/../../../../arm-none-eabi/lib/armv7e-m/fpu/crt0.o
                0x00000464                _start
                0x00000464                _mainCRTStartup
 .text          0x000004d8      0x370 c:/freescale/kds_3.0.0/toolchain/bin/../lib/gcc/arm-none-eabi/4.8.4/armv7e-m/fpu\libgcc.a(_arm_addsubdf3.o)
                0x000004d8                __aeabi_drsub
                0x000004e0                __aeabi_dsub
                0x000004e0                __subdf3
                0x000004e4                __aeabi_dadd
                0x000004e4                __adddf3
                0x0000075c                __floatunsidf
                0x0000075c                __aeabi_ui2d
                0x0000077c                __floatsidf
                0x0000077c                __aeabi_i2d
                0x000007a0                __aeabi_f2d
                0x000007a0                __extendsfdf2
                0x000007dc                __floatundidf
                0x000007dc                __aeabi_ul2d
                0x000007ec                __floatdidf
                0x000007ec                __aeabi_l2d
 .text          0x00000848      0x424 c:/freescale/kds_3.0.0/toolchain/bin/../lib/gcc/arm-none-eabi/4.8.4/armv7e-m/fpu\libgcc.a(_arm_muldivdf3.o)
                0x00000848                __aeabi_dmul
                0x00000848                __muldf3
                0x00000a9c                __divdf3
                0x00000a9c                __aeabi_ddiv
 .text          0x00000c6c       0x40 c:/freescale/kds_3.0.0/toolchain/bin/../lib/gcc/arm-none-eabi/4.8.4/armv7e-m/fpu\libgcc.a(_arm_fixunsdfsi.o)
                0x00000c6c                __aeabi_d2uiz
                0x00000c6c                __fixunsdfsi
 *(.text*)
 .text.FIFO_Init
                0x00000cac       0x24 ./Sources/FIFO.o
                0x00000cac                FIFO_Init
 .text.FIFO_Put
                0x00000cd0       0xa8 ./Sources/FIFO.o
                0x00000cd0                FIFO_Put
 .text.FIFO_Get
                0x00000d78       0xa4 ./Sources/FIFO.o
                0x00000d78                FIFO_Get
 .text.FTM_Init
                0x00000e1c       0x68 ./Sources/FTM.o
                0x00000e1c                FTM_Init
 .text.FTM_Set  0x00000e84       0xbc ./Sources/FTM.o
                0x00000e84                FTM_Set
 .text.FTM_StartTimer
                0x00000f40       0x40 ./Sources/FTM.o
                0x00000f40                FTM_StartTimer
 .text.ReadFlash
                0x00000f80       0x3c ./Sources/Flash.o
 .text.WritePhrase
                0x00000fbc       0xa8 ./Sources/Flash.o
 .text.Flash_Init
                0x00001064       0x24 ./Sources/Flash.o
                0x00001064                Flash_Init
 .text.Flash_AllocateVar
                0x00001088      0x14c ./Sources/Flash.o
                0x00001088                Flash_AllocateVar
 .text.Flash_Write16
                0x000011d4       0x54 ./Sources/Flash.o
                0x000011d4                Flash_Write16
 .text.Flash_Write8
                0x00001228       0x40 ./Sources/Flash.o
                0x00001228                Flash_Write8
 .text.Flash_Erase
                0x00001268       0x58 ./Sources/Flash.o
                0x00001268                Flash_Erase
 .text.LEDs_Init
                0x000012c0       0xb0 ./Sources/LEDs.o
                0x000012c0                LEDs_Init
 .text.LEDs_On  0x00001370       0x1c ./Sources/LEDs.o
                0x00001370                LEDs_On
 .text.LEDs_Off
                0x0000138c       0x1c ./Sources/LEDs.o
                0x0000138c                LEDs_Off
 .text.LEDs_Toggle
                0x000013a8       0x1c ./Sources/LEDs.o
                0x000013a8                LEDs_Toggle
 .text.PIT_Init
                0x000013c4       0xa4 ./Sources/PIT.o
                0x000013c4                PIT_Init
 .text.PIT_Set  0x00001468       0xf8 ./Sources/PIT.o
                0x00001468                PIT_Set
 .text.PIT_Enable
                0x00001560       0x40 ./Sources/PIT.o
                0x00001560                PIT_Enable
 .text.RTC_Init
                0x000015a0       0x9c ./Sources/RTC.o
                0x000015a0                RTC_Init
 .text.RTC_Set  0x0000163c       0x74 ./Sources/RTC.o
                0x0000163c                RTC_Set
 .text.RTC_Get  0x000016b0       0x74 ./Sources/RTC.o
                0x000016b0                RTC_Get
 .text.UART_Init
                0x00001724      0x138 ./Sources/UART.o
                0x00001724                UART_Init
 .text.UART_InChar
                0x0000185c       0x20 ./Sources/UART.o
                0x0000185c                UART_InChar
 .text.UART_OutChar
                0x0000187c       0x40 ./Sources/UART.o
                0x0000187c                UART_OutChar
 .text.FTMCallback
                0x000018bc       0x18 ./Sources/main.o
                0x000018bc                FTMCallback
 .text.PITCallback
                0x000018d4       0x18 ./Sources/main.o
                0x000018d4                PITCallback
 .text.RTCCallback
                0x000018ec       0x38 ./Sources/main.o
                0x000018ec                RTCCallback
 .text.InitPackets
                0x00001924       0x50 ./Sources/main.o
                0x00001924                InitPackets
 .text.HandleStartupPacket
                0x00001974       0x30 ./Sources/main.o
                0x00001974                HandleStartupPacket
 .text.HandleVersionPacket
                0x000019a4       0x30 ./Sources/main.o
                0x000019a4                HandleVersionPacket
 .text.HandleNumberPacket
                0x000019d4       0x68 ./Sources/main.o
                0x000019d4                HandleNumberPacket
 .text.HandleModePacket
                0x00001a3c       0x68 ./Sources/main.o
                0x00001a3c                HandleModePacket
 .text.HandleFlashProgramPacket
                0x00001aa4       0x50 ./Sources/main.o
                0x00001aa4                HandleFlashProgramPacket
 .text.HandleFlashReadPacket
                0x00001af4       0x48 ./Sources/main.o
                0x00001af4                HandleFlashReadPacket
 .text.HandleTimePacket
                0x00001b3c       0x40 ./Sources/main.o
                0x00001b3c                HandleTimePacket
 .text.HandlePacket
                0x00001b7c      0x104 ./Sources/main.o
                0x00001b7c                HandlePacket
 .text.main     0x00001c80      0x13c ./Sources/main.o
                0x00001c80                main
 .text.Packet_Init
                0x00001dbc       0x1c ./Sources/packet.o
                0x00001dbc                Packet_Init
 .text.Packet_Get
                0x00001dd8      0x128 ./Sources/packet.o
                0x00001dd8                Packet_Get
 .text.Packet_Put
                0x00001f00       0x78 ./Sources/packet.o
                0x00001f00                Packet_Put
 .text.__copy_rom_section
                0x00001f78       0xe4 ./Project_Settings/Startup_Code/startup.o
                0x00001f78                __copy_rom_section
 .text.__copy_rom_sections_to_ram
                0x0000205c       0x9c ./Project_Settings/Startup_Code/startup.o
                0x0000205c                __copy_rom_sections_to_ram
 .text.__init_registers
                0x000020f8       0x20 ./Project_Settings/Startup_Code/startup.o
                0x000020f8                __init_registers
 .text.__init_user
                0x00002118        0xc ./Project_Settings/Startup_Code/startup.o
                0x00002118                __init_user
 .text.__thumb_startup
                0x00002124       0x34 ./Project_Settings/Startup_Code/startup.o
                0x00002124                __thumb_startup
 .text.Cpu_Interrupt
                0x00002158       0x18 ./Generated_Code/Cpu.o
                0x00002158                Cpu_Interrupt
 .text.__init_hardware
                0x00002170      0x17c ./Generated_Code/Cpu.o
                0x00002170                __init_hardware
 .text.Cpu_SetBASEPRI
                0x000022ec       0x18 ./Generated_Code/Cpu.o
                0x000022ec                Cpu_SetBASEPRI
 .text.PE_low_level_init
                0x00002304       0xe4 ./Generated_Code/Cpu.o
                0x00002304                PE_low_level_init
 .text.exit     0x000023e8       0x28 c:/freescale/kds_3.0.0/toolchain/bin/../lib/gcc/arm-none-eabi/4.8.4/../../../../arm-none-eabi/lib/armv7e-m/fpu\libg_s.a(lib_a-exit.o)
                0x000023e8                exit
 .text.__libc_init_array
                0x00002410       0x4c c:/freescale/kds_3.0.0/toolchain/bin/../lib/gcc/arm-none-eabi/4.8.4/../../../../arm-none-eabi/lib/armv7e-m/fpu\libg_s.a(lib_a-init.o)
                0x00002410                __libc_init_array
 .text.memset   0x0000245c       0x10 c:/freescale/kds_3.0.0/toolchain/bin/../lib/gcc/arm-none-eabi/4.8.4/../../../../arm-none-eabi/lib/armv7e-m/fpu\libg_s.a(lib_a-memset.o)
                0x0000245c                memset
 .text._exit    0x0000246c        0x4 c:/freescale/kds_3.0.0/toolchain/bin/../lib/gcc/arm-none-eabi/4.8.4/../../../../arm-none-eabi/lib/armv7e-m/fpu\libnosys.a(_exit.o)
                0x0000246c                _exit
 *(.rodata)
 *(.rodata*)
 .rodata.str1.1
                0x00002470        0x2 c:/freescale/kds_3.0.0/toolchain/bin/../lib/gcc/arm-none-eabi/4.8.4/../../../../arm-none-eabi/lib/armv7e-m/fpu\libg_s.a(lib_a-impure.o)
 *fill*         0x00002472        0x2 
 .rodata._global_impure_ptr
                0x00002474        0x4 c:/freescale/kds_3.0.0/toolchain/bin/../lib/gcc/arm-none-eabi/4.8.4/../../../../arm-none-eabi/lib/armv7e-m/fpu\libg_s.a(lib_a-impure.o)
                0x00002474                _global_impure_ptr
 *(.glue_7)
 .glue_7        0x00000000        0x0 linker stubs
 *(.glue_7t)
 .glue_7t       0x00000000        0x0 linker stubs
 *(.eh_frame)
 .eh_frame      0x00002478        0x0 c:/freescale/kds_3.0.0/toolchain/bin/../lib/gcc/arm-none-eabi/4.8.4/armv7e-m/fpu/crtbegin.o
 *(.init)
 .init          0x00002478        0x4 c:/freescale/kds_3.0.0/toolchain/bin/../lib/gcc/arm-none-eabi/4.8.4/armv7e-m/fpu/crti.o
                0x00002478                _init
 .init          0x0000247c        0x8 c:/freescale/kds_3.0.0/toolchain/bin/../lib/gcc/arm-none-eabi/4.8.4/armv7e-m/fpu/crtn.o
 *(.fini)
 .fini          0x00002484        0x4 c:/freescale/kds_3.0.0/toolchain/bin/../lib/gcc/arm-none-eabi/4.8.4/armv7e-m/fpu/crti.o
                0x00002484                _fini
 .fini          0x00002488        0x8 c:/freescale/kds_3.0.0/toolchain/bin/../lib/gcc/arm-none-eabi/4.8.4/armv7e-m/fpu/crtn.o
                0x00002490                . = ALIGN (0x4)
                0x00002490                _etext = .

.vfp11_veneer   0x00002490        0x0
 .vfp11_veneer  0x00000000        0x0 linker stubs

.v4_bx          0x00002490        0x0
 .v4_bx         0x00000000        0x0 linker stubs

.iplt           0x00002490        0x0
 .iplt          0x00000000        0x0 c:/freescale/kds_3.0.0/toolchain/bin/../lib/gcc/arm-none-eabi/4.8.4/armv7e-m/fpu/crtbegin.o

.ARM.extab
 *(.ARM.extab* .gnu.linkonce.armextab.*)

.ARM            0x00002490        0x8
                0x00002490                __exidx_start = .
 *(.ARM.exidx*)
 .ARM.exidx     0x00002490        0x8 c:/freescale/kds_3.0.0/toolchain/bin/../lib/gcc/arm-none-eabi/4.8.4/../../../../arm-none-eabi/lib/armv7e-m/fpu/crt0.o
                0x00002498                __exidx_end = .

.rel.dyn        0x00002498        0x0
 .rel.iplt      0x00000000        0x0 c:/freescale/kds_3.0.0/toolchain/bin/../lib/gcc/arm-none-eabi/4.8.4/armv7e-m/fpu/crtbegin.o

.ctors          0x00002498        0x0
                0x00002498                __CTOR_LIST__ = .
 *crtbegin.o(.ctors)
 *(EXCLUDE_FILE(*crtend.o) .ctors)
 *(SORT(.ctors.*))
 *(.ctors)
                0x00002498                __CTOR_END__ = .

.dtors          0x00002498        0x0
                0x00002498                __DTOR_LIST__ = .
 *crtbegin.o(.dtors)
 *(EXCLUDE_FILE(*crtend.o) .dtors)
 *(SORT(.dtors.*))
 *(.dtors)
                0x00002498                __DTOR_END__ = .

.preinit_array  0x00002498        0x0
                0x00002498                PROVIDE (__preinit_array_start, .)
 *(.preinit_array*)
                0x00002498                PROVIDE (__preinit_array_end, .)

.init_array     0x00002498        0x4
                0x00002498                PROVIDE (__init_array_start, .)
 *(SORT(.init_array.*))
 *(.init_array*)
 .init_array    0x00002498        0x4 c:/freescale/kds_3.0.0/toolchain/bin/../lib/gcc/arm-none-eabi/4.8.4/armv7e-m/fpu/crtbegin.o
                0x0000249c                PROVIDE (__init_array_end, .)

.fini_array     0x0000249c        0x4
                0x0000249c                PROVIDE (__fini_array_start, .)
 *(SORT(.fini_array.*))
 *(.fini_array*)
 .fini_array    0x0000249c        0x4 c:/freescale/kds_3.0.0/toolchain/bin/../lib/gcc/arm-none-eabi/4.8.4/armv7e-m/fpu/crtbegin.o
                0x000024a0                PROVIDE (__fini_array_end, .)
                0x000024a0                ___ROM_AT = .

.data           0x1fff0000       0x60 load address 0x000024a0
                0x1fff0000                . = ALIGN (0x4)
                0x1fff0000                _sdata = .
 *(.data)
 *(.data*)
 .data.impure_data
                0x1fff0000       0x60 c:/freescale/kds_3.0.0/toolchain/bin/../lib/gcc/arm-none-eabi/4.8.4/../../../../arm-none-eabi/lib/armv7e-m/fpu\libg_s.a(lib_a-impure.o)
                0x1fff0060                . = ALIGN (0x4)
                0x1fff0060                _edata = .
                0x00000060                ___data_size = (_edata - _sdata)
                0x00002500                ___m_data_20000000_ROMStart = (___ROM_AT + SIZEOF (.data))

.jcr            0x1fff0060        0x0 load address 0x00002500
 .jcr           0x1fff0060        0x0 c:/freescale/kds_3.0.0/toolchain/bin/../lib/gcc/arm-none-eabi/4.8.4/armv7e-m/fpu/crtbegin.o

.igot.plt       0x1fff0060        0x0 load address 0x00002500
 .igot.plt      0x00000000        0x0 c:/freescale/kds_3.0.0/toolchain/bin/../lib/gcc/arm-none-eabi/4.8.4/armv7e-m/fpu/crtbegin.o

.m_data_20000000
                0x20000000        0x0 load address 0x00002500
                0x20000000                . = ALIGN (0x4)
                0x20000000                ___m_data_20000000_RAMStart = .
 *(.m_data_20000000)
                0x20000000                ___m_data_20000000_RAMEnd = .
                0x20000000                . = ALIGN (0x4)
                0x00000000                ___m_data_20000000_ROMSize = (___m_data_20000000_RAMEnd - ___m_data_20000000_RAMStart)
                0x20000000                . = ALIGN (0x4)

.bss            0x1fff0060      0x284 load address 0x00002500
                0x1fff0060                __START_BSS = .
                0x1fff0060                PROVIDE (__bss_start__, __START_BSS)
 *(.bss)
 .bss           0x1fff0060       0x1c c:/freescale/kds_3.0.0/toolchain/bin/../lib/gcc/arm-none-eabi/4.8.4/armv7e-m/fpu/crtbegin.o
 *(.bss*)
 .bss.allocationMap.5630
                0x1fff007c        0x8 ./Sources/Flash.o
 .bss.TxFIFO    0x1fff0084      0x108 ./Sources/UART.o
 .bss.RxFIFO    0x1fff018c      0x108 ./Sources/UART.o
 .bss.guard.4068
                0x1fff0294        0x4 ./Sources/packet.o
 .bss.checksum.4069
                0x1fff0298        0x1 ./Sources/packet.o
 .bss.SR_lock   0x1fff0299        0x1 ./Generated_Code/Cpu.o
                0x1fff0299                SR_lock
 *(COMMON)
 *fill*         0x1fff029a        0x2 
 COMMON         0x1fff029c        0xc ./Sources/FTM.o
                0x1fff029c                userArgumentsFTM
                0x1fff02a0                function
                0x1fff02a1                channel
                0x1fff02a4                userFunctionFTM
 COMMON         0x1fff02a8        0xc ./Sources/PIT.o
                0x1fff02a8                ModuleCLK
                0x1fff02ac                userArgumentsPIT
                0x1fff02b0                userFunctionPIT
 COMMON         0x1fff02b4        0x8 ./Sources/RTC.o
                0x1fff02b4                userFunctionRTC
                0x1fff02b8                userArgumentsRTC
 COMMON         0x1fff02bc       0x1e ./Sources/main.o
                0x1fff02bc                NvTowerMd
                0x1fff02c0                NvTowerNb
                0x1fff02c4                aTimer
                0x1fff02d4                towerMode
                0x1fff02d8                towerNumber
 *fill*         0x1fff02da        0x2 
 COMMON         0x1fff02dc        0x5 ./Sources/packet.o
                0x1fff02dc                Packet
 COMMON         0x1fff02e1        0x1 ./Generated_Code/Cpu.o
                0x1fff02e1                SR_reg
                0x1fff02e4                . = ALIGN (0x4)
 *fill*         0x1fff02e2        0x2 
                0x1fff02e4                __END_BSS = .
                0x1fff02e4                PROVIDE (__bss_end__, __END_BSS)
                0x00002500                _romp_at = ((___ROM_AT + SIZEOF (.data)) + SIZEOF (.m_data_20000000))

.romp           0x1fff02e4       0x24 load address 0x00002500
                0x00002500                __S_romp = _romp_at
                0x1fff02e4        0x4 LONG 0x24a0 ___ROM_AT
                0x1fff02e8        0x4 LONG 0x1fff0000 _sdata
                0x1fff02ec        0x4 LONG 0x60 ___data_size
                0x1fff02f0        0x4 LONG 0x2500 ___m_data_20000000_ROMStart
                0x1fff02f4        0x4 LONG 0x20000000 ___m_data_20000000_RAMStart
                0x1fff02f8        0x4 LONG 0x0 ___m_data_20000000_ROMSize
                0x1fff02fc        0x4 LONG 0x0
                0x1fff0300        0x4 LONG 0x0
                0x1fff0304        0x4 LONG 0x0

._user_heap_stack
                0x1fff0308      0x400 load address 0x00002524
                0x1fff0308                . = ALIGN (0x4)
                0x1fff0308                PROVIDE (end, .)
                0x1fff0308                PROVIDE (_end, .)
                0x1fff0308                __heap_addr = .
                0x1fff0308                __HeapBase = .
                0x1fff0308                . = (. + __heap_size)
                0x1fff0308                __HeapLimit = .
                0x1fff0708                . = (. + __stack_size)
 *fill*         0x1fff0308      0x400 
                0x1fff0708                . = ALIGN (0x4)

.ARM.attributes
                0x00000000       0x30
 *(.ARM.attributes)
 .ARM.attributes
                0x00000000       0x22 c:/freescale/kds_3.0.0/toolchain/bin/../lib/gcc/arm-none-eabi/4.8.4/armv7e-m/fpu/crti.o
 .ARM.attributes
                0x00000022       0x34 c:/freescale/kds_3.0.0/toolchain/bin/../lib/gcc/arm-none-eabi/4.8.4/armv7e-m/fpu/crtbegin.o
 .ARM.attributes
                0x00000056       0x20 c:/freescale/kds_3.0.0/toolchain/bin/../lib/gcc/arm-none-eabi/4.8.4/../../../../arm-none-eabi/lib/armv7e-m/fpu/crt0.o
 .ARM.attributes
                0x00000076       0x39 ./Sources/FIFO.o
 .ARM.attributes
                0x000000af       0x39 ./Sources/FTM.o
 .ARM.attributes
                0x000000e8       0x39 ./Sources/Flash.o
 .ARM.attributes
                0x00000121       0x39 ./Sources/LEDs.o
 .ARM.attributes
                0x0000015a       0x39 ./Sources/PIT.o
 .ARM.attributes
                0x00000193       0x39 ./Sources/RTC.o
 .ARM.attributes
                0x000001cc       0x39 ./Sources/UART.o
 .ARM.attributes
                0x00000205       0x39 ./Sources/main.o
 .ARM.attributes
                0x0000023e       0x39 ./Sources/packet.o
 .ARM.attributes
                0x00000277       0x39 ./Project_Settings/Startup_Code/startup.o
 .ARM.attributes
                0x000002b0       0x39 ./Generated_Code/Cpu.o
 .ARM.attributes
                0x000002e9       0x39 ./Generated_Code/Vectors.o
 .ARM.attributes
                0x00000322       0x22 c:/freescale/kds_3.0.0/toolchain/bin/../lib/gcc/arm-none-eabi/4.8.4/armv7e-m/fpu\libgcc.a(_arm_addsubdf3.o)
 .ARM.attributes
                0x00000344       0x22 c:/freescale/kds_3.0.0/toolchain/bin/../lib/gcc/arm-none-eabi/4.8.4/armv7e-m/fpu\libgcc.a(_arm_muldivdf3.o)
 .ARM.attributes
                0x00000366       0x22 c:/freescale/kds_3.0.0/toolchain/bin/../lib/gcc/arm-none-eabi/4.8.4/armv7e-m/fpu\libgcc.a(_arm_fixunsdfsi.o)
 .ARM.attributes
                0x00000388       0x34 c:/freescale/kds_3.0.0/toolchain/bin/../lib/gcc/arm-none-eabi/4.8.4/../../../../arm-none-eabi/lib/armv7e-m/fpu\libg_s.a(lib_a-exit.o)
 .ARM.attributes
                0x000003bc       0x34 c:/freescale/kds_3.0.0/toolchain/bin/../lib/gcc/arm-none-eabi/4.8.4/../../../../arm-none-eabi/lib/armv7e-m/fpu\libg_s.a(lib_a-impure.o)
 .ARM.attributes
                0x000003f0       0x34 c:/freescale/kds_3.0.0/toolchain/bin/../lib/gcc/arm-none-eabi/4.8.4/../../../../arm-none-eabi/lib/armv7e-m/fpu\libg_s.a(lib_a-init.o)
 .ARM.attributes
                0x00000424       0x34 c:/freescale/kds_3.0.0/toolchain/bin/../lib/gcc/arm-none-eabi/4.8.4/../../../../arm-none-eabi/lib/armv7e-m/fpu\libg_s.a(lib_a-memset.o)
 .ARM.attributes
                0x00000458       0x34 c:/freescale/kds_3.0.0/toolchain/bin/../lib/gcc/arm-none-eabi/4.8.4/../../../../arm-none-eabi/lib/armv7e-m/fpu\libnosys.a(_exit.o)
 .ARM.attributes
                0x0000048c       0x22 c:/freescale/kds_3.0.0/toolchain/bin/../lib/gcc/arm-none-eabi/4.8.4/armv7e-m/fpu/crtn.o
OUTPUT(Lab5.elf elf32-littlearm)

.debug_info     0x00000000     0x4393
 .debug_info    0x00000000      0x228 ./Sources/FIFO.o
 .debug_info    0x00000228      0x762 ./Sources/FTM.o
 .debug_info    0x0000098a      0x7a3 ./Sources/Flash.o
 .debug_info    0x0000112d      0x4a9 ./Sources/LEDs.o
 .debug_info    0x000015d6      0x593 ./Sources/PIT.o
 .debug_info    0x00001b69      0x60d ./Sources/RTC.o
 .debug_info    0x00002176      0x8e8 ./Sources/UART.o
 .debug_info    0x00002a5e      0x62e ./Sources/main.o
 .debug_info    0x0000308c      0x2bf ./Sources/packet.o
 .debug_info    0x0000334b      0x3b0 ./Project_Settings/Startup_Code/startup.o
 .debug_info    0x000036fb      0xb89 ./Generated_Code/Cpu.o
 .debug_info    0x00004284      0x10f ./Generated_Code/Vectors.o

.debug_abbrev   0x00000000     0x10ae
 .debug_abbrev  0x00000000      0x112 ./Sources/FIFO.o
 .debug_abbrev  0x00000112      0x1af ./Sources/FTM.o
 .debug_abbrev  0x000002c1      0x1cf ./Sources/Flash.o
 .debug_abbrev  0x00000490      0x144 ./Sources/LEDs.o
 .debug_abbrev  0x000005d4      0x186 ./Sources/PIT.o
 .debug_abbrev  0x0000075a      0x16e ./Sources/RTC.o
 .debug_abbrev  0x000008c8      0x198 ./Sources/UART.o
 .debug_abbrev  0x00000a60      0x1b2 ./Sources/main.o
 .debug_abbrev  0x00000c12       0xea ./Sources/packet.o
 .debug_abbrev  0x00000cfc      0x189 ./Project_Settings/Startup_Code/startup.o
 .debug_abbrev  0x00000e85      0x185 ./Generated_Code/Cpu.o
 .debug_abbrev  0x0000100a       0xa4 ./Generated_Code/Vectors.o

.debug_aranges  0x00000000      0x2f0
 .debug_aranges
                0x00000000       0x30 ./Sources/FIFO.o
 .debug_aranges
                0x00000030       0x38 ./Sources/FTM.o
 .debug_aranges
                0x00000068       0x58 ./Sources/Flash.o
 .debug_aranges
                0x000000c0       0x38 ./Sources/LEDs.o
 .debug_aranges
                0x000000f8       0x38 ./Sources/PIT.o
 .debug_aranges
                0x00000130       0x38 ./Sources/RTC.o
 .debug_aranges
                0x00000168       0x38 ./Sources/UART.o
 .debug_aranges
                0x000001a0       0x80 ./Sources/main.o
 .debug_aranges
                0x00000220       0x30 ./Sources/packet.o
 .debug_aranges
                0x00000250       0x50 ./Project_Settings/Startup_Code/startup.o
 .debug_aranges
                0x000002a0       0x38 ./Generated_Code/Cpu.o
 .debug_aranges
                0x000002d8       0x18 ./Generated_Code/Vectors.o

.debug_ranges   0x00000000      0x228
 .debug_ranges  0x00000000       0x20 ./Sources/FIFO.o
 .debug_ranges  0x00000020       0x28 ./Sources/FTM.o
 .debug_ranges  0x00000048       0x48 ./Sources/Flash.o
 .debug_ranges  0x00000090       0x28 ./Sources/LEDs.o
 .debug_ranges  0x000000b8       0x28 ./Sources/PIT.o
 .debug_ranges  0x000000e0       0x28 ./Sources/RTC.o
 .debug_ranges  0x00000108       0x28 ./Sources/UART.o
 .debug_ranges  0x00000130       0x70 ./Sources/main.o
 .debug_ranges  0x000001a0       0x20 ./Sources/packet.o
 .debug_ranges  0x000001c0       0x40 ./Project_Settings/Startup_Code/startup.o
 .debug_ranges  0x00000200       0x28 ./Generated_Code/Cpu.o

.debug_macro    0x00000000    0x19f89
 .debug_macro   0x00000000       0xac ./Sources/FIFO.o
 .debug_macro   0x000000ac       0x22 ./Sources/FIFO.o
 .debug_macro   0x000000ce       0x68 ./Sources/FTM.o
 .debug_macro   0x00000136       0x67 ./Sources/Flash.o
 .debug_macro   0x0000019d       0x2e ./Sources/Flash.o
 .debug_macro   0x000001cb       0x68 ./Sources/LEDs.o
 .debug_macro   0x00000233       0x68 ./Sources/PIT.o
 .debug_macro   0x0000029b       0x68 ./Sources/RTC.o
 .debug_macro   0x00000303       0x71 ./Sources/UART.o
 .debug_macro   0x00000374       0x10 ./Sources/UART.o
 .debug_macro   0x00000384      0x134 ./Sources/main.o
 .debug_macro   0x000004b8       0x3a ./Sources/main.o
 .debug_macro   0x000004f2       0x6e ./Sources/packet.o
 .debug_macro   0x00000560       0x34 ./Sources/packet.o
 .debug_macro   0x00000594      0x121 ./Project_Settings/Startup_Code/startup.o
 .debug_macro   0x000006b5       0x58 ./Project_Settings/Startup_Code/startup.o
 .debug_macro   0x0000070d       0x35 ./Project_Settings/Startup_Code/startup.o
 .debug_macro   0x00000742       0xa3 ./Project_Settings/Startup_Code/startup.o
 .debug_macro   0x000007e5      0x166 ./Project_Settings/Startup_Code/startup.o
 .debug_macro   0x0000094b       0x4a ./Project_Settings/Startup_Code/startup.o
 .debug_macro   0x00000995       0x52 ./Project_Settings/Startup_Code/startup.o
 .debug_macro   0x000009e7       0x16 ./Project_Settings/Startup_Code/startup.o
 .debug_macro   0x000009fd       0x43 ./Project_Settings/Startup_Code/startup.o
 .debug_macro   0x00000a40      0x180 ./Project_Settings/Startup_Code/startup.o
 .debug_macro   0x00000bc0      0x2a6 ./Project_Settings/Startup_Code/startup.o
 .debug_macro   0x00000e66       0x10 ./Project_Settings/Startup_Code/startup.o
 .debug_macro   0x00000e76       0x35 ./Project_Settings/Startup_Code/startup.o
 .debug_macro   0x00000eab       0x16 ./Project_Settings/Startup_Code/startup.o
 .debug_macro   0x00000ec1       0x22 ./Project_Settings/Startup_Code/startup.o
 .debug_macro   0x00000ee3       0x16 ./Project_Settings/Startup_Code/startup.o
 .debug_macro   0x00000ef9      0x20f ./Project_Settings/Startup_Code/startup.o
 .debug_macro   0x00001108    0x174af ./Project_Settings/Startup_Code/startup.o
 .debug_macro   0x000185b7       0x9f ./Generated_Code/Cpu.o
 .debug_macro   0x00018656     0x17fa ./Generated_Code/Cpu.o
 .debug_macro   0x00019e50       0x9a ./Generated_Code/Cpu.o
 .debug_macro   0x00019eea       0x9f ./Generated_Code/Vectors.o

.debug_line     0x00000000     0x1fc7
 .debug_line    0x00000000      0x29d ./Sources/FIFO.o
 .debug_line    0x0000029d      0x225 ./Sources/FTM.o
 .debug_line    0x000004c2      0x325 ./Sources/Flash.o
 .debug_line    0x000007e7      0x219 ./Sources/LEDs.o
 .debug_line    0x00000a00      0x222 ./Sources/PIT.o
 .debug_line    0x00000c22      0x21f ./Sources/RTC.o
 .debug_line    0x00000e41      0x235 ./Sources/UART.o
 .debug_line    0x00001076      0x40f ./Sources/main.o
 .debug_line    0x00001485      0x1f7 ./Sources/packet.o
 .debug_line    0x0000167c      0x3c8 ./Project_Settings/Startup_Code/startup.o
 .debug_line    0x00001a44      0x302 ./Generated_Code/Cpu.o
 .debug_line    0x00001d46      0x281 ./Generated_Code/Vectors.o

.debug_str      0x00000000    0x8dca5
 .debug_str     0x00000000    0x8a566 ./Sources/FIFO.o
                              0x8a6d5 (size before relaxing)
 .debug_str     0x0008a566      0x3cb ./Sources/FTM.o
                              0x8310f (size before relaxing)
 .debug_str     0x0008a931      0x2db ./Sources/Flash.o
                              0x83102 (size before relaxing)
 .debug_str     0x0008ac0c       0xe9 ./Sources/LEDs.o
                              0x82ef2 (size before relaxing)
 .debug_str     0x0008acf5       0xb8 ./Sources/PIT.o
                              0x82f3c (size before relaxing)
 .debug_str     0x0008adad       0xb9 ./Sources/RTC.o
                              0x82f37 (size before relaxing)
 .debug_str     0x0008ae66      0x111 ./Sources/UART.o
                              0x83016 (size before relaxing)
 .debug_str     0x0008af77      0x46b ./Sources/main.o
                              0x8ae34 (size before relaxing)
 .debug_str     0x0008b3e2       0x3c ./Sources/packet.o
                               0x3261 (size before relaxing)
 .debug_str     0x0008b41e     0x265d ./Project_Settings/Startup_Code/startup.o
                              0x853ea (size before relaxing)
 .debug_str     0x0008da7b      0x20e ./Generated_Code/Cpu.o
                              0x8a9e3 (size before relaxing)
 .debug_str     0x0008dc89       0x1c ./Generated_Code/Vectors.o
                              0x8a62b (size before relaxing)

.comment        0x00000000       0x70
 .comment       0x00000000       0x70 ./Sources/FIFO.o
                                 0x71 (size before relaxing)
 .comment       0x00000000       0x71 ./Sources/FTM.o
 .comment       0x00000000       0x71 ./Sources/Flash.o
 .comment       0x00000000       0x71 ./Sources/LEDs.o
 .comment       0x00000000       0x71 ./Sources/PIT.o
 .comment       0x00000000       0x71 ./Sources/RTC.o
 .comment       0x00000000       0x71 ./Sources/UART.o
 .comment       0x00000000       0x71 ./Sources/main.o
 .comment       0x00000000       0x71 ./Sources/packet.o
 .comment       0x00000000       0x71 ./Project_Settings/Startup_Code/startup.o
 .comment       0x00000000       0x71 ./Generated_Code/Cpu.o
 .comment       0x00000000       0x71 ./Generated_Code/Vectors.o

.debug_frame    0x00000000      0x7d8
 .debug_frame   0x00000000       0x64 ./Sources/FIFO.o
 .debug_frame   0x00000064       0x84 ./Sources/FTM.o
 .debug_frame   0x000000e8       0xf8 ./Sources/Flash.o
 .debug_frame   0x000001e0       0x80 ./Sources/LEDs.o
 .debug_frame   0x00000260       0x90 ./Sources/PIT.o
 .debug_frame   0x000002f0       0x88 ./Sources/RTC.o
 .debug_frame   0x00000378       0x94 ./Sources/UART.o
 .debug_frame   0x0000040c      0x18c ./Sources/main.o
 .debug_frame   0x00000598       0x6c ./Sources/packet.o
 .debug_frame   0x00000604       0xc0 ./Project_Settings/Startup_Code/startup.o
 .debug_frame   0x000006c4       0x80 ./Generated_Code/Cpu.o
 .debug_frame   0x00000744       0x28 c:/freescale/kds_3.0.0/toolchain/bin/../lib/gcc/arm-none-eabi/4.8.4/../../../../arm-none-eabi/lib/armv7e-m/fpu\libg_s.a(lib_a-exit.o)
 .debug_frame   0x0000076c       0x2c c:/freescale/kds_3.0.0/toolchain/bin/../lib/gcc/arm-none-eabi/4.8.4/../../../../arm-none-eabi/lib/armv7e-m/fpu\libg_s.a(lib_a-init.o)
 .debug_frame   0x00000798       0x20 c:/freescale/kds_3.0.0/toolchain/bin/../lib/gcc/arm-none-eabi/4.8.4/../../../../arm-none-eabi/lib/armv7e-m/fpu\libg_s.a(lib_a-memset.o)
 .debug_frame   0x000007b8       0x20 c:/freescale/kds_3.0.0/toolchain/bin/../lib/gcc/arm-none-eabi/4.8.4/../../../../arm-none-eabi/lib/armv7e-m/fpu\libnosys.a(_exit.o)
